

================================================================
== Synthesis Summary Report of 'kernel_3D_hw'
================================================================
+ General Information: 
    * Date:           Mon Nov 28 16:23:00 2022
    * Version:        2020.2.2 (Build 3118627 on Tue Feb  9 05:13:49 MST 2021)
    * Project:        hotspot3D.prj
    * Solution:       solution1 (Vivado IP Flow Target)
    * Product family: virtexuplus
    * Target device:  xcu50-fsvh2104-2-e
    

+ Performance & Resource Estimates: 
    
    PS: '+' for module; 'o' for loop; '*' for dataflow
    +---------------------------------------+------+-------+------------+-----------+----------+------------+-------+----------+-----------+----------+------------+------------+-----------+
    |                Modules                | Issue|       |  Latency   |  Latency  | Iteration|            |  Trip |          |           |          |            |            |           |
    |                & Loops                | Type | Slack |  (cycles)  |    (ns)   |  Latency |  Interval  | Count | Pipelined|   BRAM    |    DSP   |     FF     |     LUT    |    URAM   |
    +---------------------------------------+------+-------+------------+-----------+----------+------------+-------+----------+-----------+----------+------------+------------+-----------+
    |+ kernel_3D_hw                         |     -|  -0.00|  3538230061|  1.178e+10|         -|  3538230062|      -|        no|  348 (12%)|  547 (9%)|  84385 (4%)|  52447 (6%)|  160 (25%)|
    | + grp_workload_fu_245                 |     -|  -0.09|       17443|  5.809e+04|         -|       17443|      -|        no|    30 (1%)|  528 (8%)|  75260 (4%)|  39176 (4%)|          -|
    |  o fifo_fill                          |     -|  -2.43|         254|    845.820|         2|           1|    254|       yes|          -|         -|           -|           -|          -|
    |  o VITIS_LOOP_131_1_VITIS_LOOP_132_2  |     -|  -2.43|       16929|  5.637e+04|        35|           1|  16896|       yes|          -|         -|           -|           -|          -|
    |  o fifo_flush                         |     -|  -2.43|         254|    845.820|         2|           1|    254|       yes|          -|         -|           -|           -|          -|
    | + grp_load0_fu_258                    |     -|  -0.00|       17689|  5.890e+04|         -|       17689|      -|        no|          -|         -|   680 (~0%)|   379 (~0%)|          -|
    |  o load_y                             |     -|  -2.43|       17688|  5.890e+04|       268|           -|     66|        no|          -|         -|           -|           -|          -|
    |   o load_x                            |     -|  -2.43|         257|    855.810|         3|           1|    256|       yes|          -|         -|           -|           -|          -|
    | + grp_load1_fu_270                    |     -|  -0.00|       17689|  5.890e+04|         -|       17689|      -|        no|          -|         -|   680 (~0%)|   379 (~0%)|          -|
    |  o load_y                             |     -|  -2.43|       17688|  5.890e+04|       268|           -|     66|        no|          -|         -|           -|           -|          -|
    |   o load_x                            |     -|  -2.43|         257|    855.810|         3|           1|    256|       yes|          -|         -|           -|           -|          -|
    | + grp_store_fu_281                    |     -|  -0.00|       16394|  5.459e+04|         -|       16394|      -|        no|          -|         -|   655 (~0%)|   299 (~0%)|          -|
    |  o store_y_store_x                    |     -|  -2.43|       16392|  5.459e+04|        10|           1|  16384|       yes|          -|         -|           -|           -|          -|
    | o main_i0                             |     -|  -2.43|  3538230000|  1.178e+10|    353823|           -|  10000|        no|          -|         -|           -|           -|          -|
    |  o main_j0                            |     -|  -2.43|      176910|  5.891e+05|     17691|           -|     10|        no|          -|         -|           -|           -|          -|
    |  o main_j1                            |     -|  -2.43|      176910|  5.891e+05|     17691|           -|     10|        no|          -|         -|           -|           -|          -|
    +---------------------------------------+------+-------+------------+-----------+----------+------------+-------+----------+-----------+----------+------------+------------+-----------+

