

================================================================
== Synthesis Summary Report of 'kernel_3D_hw'
================================================================
+ General Information: 
    * Date:           Mon Nov 28 01:28:59 2022
    * Version:        2020.2.2 (Build 3118627 on Tue Feb  9 05:13:49 MST 2021)
    * Project:        hotspot3D.prj
    * Solution:       solution1 (Vivado IP Flow Target)
    * Product family: virtexuplus
    * Target device:  xcu50-fsvh2104-2-e
    

+ Performance & Resource Estimates: 
    
    PS: '+' for module; 'o' for loop; '*' for dataflow
    +-----------------------------------------------------+------+-------+-------------+-----------+----------+-------------+--------+----------+----------+----------+------------+------------+-----------+
    |                       Modules                       | Issue|       |   Latency   |  Latency  | Iteration|             |  Trip  |          |          |          |            |            |           |
    |                       & Loops                       | Type | Slack |   (cycles)  |    (ns)   |  Latency |   Interval  |  Count | Pipelined|   BRAM   |    DSP   |     FF     |     LUT    |    URAM   |
    +-----------------------------------------------------+------+-------+-------------+-----------+----------+-------------+--------+----------+----------+----------+------------+------------+-----------+
    |+ kernel_3D_hw                                       |     -|  -0.00|  44058495061|  1.467e+11|         -|  44058495062|       -|        no|  164 (6%)|  547 (9%)|  80515 (4%)|  50833 (5%)|  144 (22%)|
    | + grp_workload_fu_313                               |     -|  -0.09|        17443|  5.809e+04|         -|        17443|       -|        no|   30 (1%)|  528 (8%)|  75304 (4%)|  39163 (4%)|          -|
    |  o fifo_fill                                        |     -|  -2.43|          254|    845.820|         2|            1|     254|       yes|         -|         -|           -|           -|          -|
    |  o VITIS_LOOP_100_1_VITIS_LOOP_101_2                |     -|  -2.43|        16929|  5.637e+04|        35|            1|   16896|       yes|         -|         -|           -|           -|          -|
    |  o fifo_flush                                       |     -|  -2.43|          254|    845.820|         2|            1|     254|       yes|         -|         -|           -|           -|          -|
    | + grp_store_fu_347                                  |     -|  -0.00|       262153|  8.730e+05|         -|       262153|       -|        no|         -|         -|   280 (~0%)|   552 (~0%)|          -|
    |  o VITIS_LOOP_71_1_VITIS_LOOP_72_2_VITIS_LOOP_73_3  |     -|  -2.43|       262146|  8.729e+05|         4|            1|  262144|       yes|         -|         -|           -|           -|          -|
    | + grp_load_fu_364                                   |     -|  -0.00|       271129|  9.029e+05|         -|       271129|       -|        no|         -|         -|   220 (~0%)|   443 (~0%)|          -|
    |  o VITIS_LOOP_58_1                                  |     -|  -2.43|       271128|  9.029e+05|      4108|            -|      66|        no|         -|         -|           -|           -|          -|
    |   o VITIS_LOOP_59_2_VITIS_LOOP_60_3                 |     -|  -2.43|         4097|  1.364e+04|         3|            1|    4096|       yes|         -|         -|           -|           -|          -|
    | + grp_load_fu_380                                   |     -|  -0.00|       271129|  9.029e+05|         -|       271129|       -|        no|         -|         -|   220 (~0%)|   443 (~0%)|          -|
    |  o VITIS_LOOP_58_1                                  |     -|  -2.43|       271128|  9.029e+05|      4108|            -|      66|        no|         -|         -|           -|           -|          -|
    |   o VITIS_LOOP_59_2_VITIS_LOOP_60_3                 |     -|  -2.43|         4097|  1.364e+04|         3|            1|    4096|       yes|         -|         -|           -|           -|          -|
    | o main_i                                            |     -|  -2.43|  44058495000|  1.467e+11|   8811699|            -|    5000|        no|         -|         -|           -|           -|          -|
    |  o main_j0                                          |     -|  -2.43|      4405848|  1.467e+07|    550731|            -|       8|        no|         -|         -|           -|           -|          -|
    |  o main_j1                                          |     -|  -2.43|      4405848|  1.467e+07|    550731|            -|       8|        no|         -|         -|           -|           -|          -|
    +-----------------------------------------------------+------+-------+-------------+-----------+----------+-------------+--------+----------+----------+----------+------------+------------+-----------+

