

================================================================
== Vitis HLS Report for 'load'
================================================================
* Date:           Mon Nov 28 16:21:12 2022

* Version:        2020.2.2 (Build 3118627 on Tue Feb  9 05:13:49 MST 2021)
* Project:        hotspot3D.prj
* Solution:       solution1 (Vivado IP Flow Target)
* Product family: virtexuplus
* Target device:  xcu50-fsvh2104-2-e


================================================================
== Performance Estimates
================================================================
+ Timing: 
    * Summary: 
    +--------+---------+----------+------------+
    |  Clock |  Target | Estimated| Uncertainty|
    +--------+---------+----------+------------+
    |ap_clk  |  3.33 ns|  2.431 ns|     0.90 ns|
    +--------+---------+----------+------------+

+ Latency: 
    * Summary: 
    +---------+---------+----------+----------+--------+--------+---------+
    |  Latency (cycles) |  Latency (absolute) |     Interval    | Pipeline|
    |   min   |   max   |    min   |    max   |   min  |   max  |   Type  |
    +---------+---------+----------+----------+--------+--------+---------+
    |   271129|   271129|  0.903 ms|  0.903 ms|  271129|  271129|     none|
    +---------+---------+----------+----------+--------+--------+---------+

    + Detail: 
        * Instance: 
        N/A

        * Loop: 
        +------------------------------------+---------+---------+----------+-----------+-----------+------+----------+
        |                                    |  Latency (cycles) | Iteration|  Initiation Interval  | Trip |          |
        |              Loop Name             |   min   |   max   |  Latency |  achieved |   target  | Count| Pipelined|
        +------------------------------------+---------+---------+----------+-----------+-----------+------+----------+
        |- VITIS_LOOP_58_1                   |   271128|   271128|      4108|          -|          -|    66|        no|
        | + VITIS_LOOP_59_2_VITIS_LOOP_60_3  |     4097|     4097|         3|          1|          1|  4096|       yes|
        +------------------------------------+---------+---------+----------+-----------+-----------+------+----------+



================================================================
== Utilization Estimates
================================================================
* Summary: 
+---------------------+---------+------+---------+--------+-----+
|         Name        | BRAM_18K|  DSP |    FF   |   LUT  | URAM|
+---------------------+---------+------+---------+--------+-----+
|DSP                  |        -|     -|        -|       -|    -|
|Expression           |        -|     -|        0|     292|    -|
|FIFO                 |        -|     -|        -|       -|    -|
|Instance             |        -|     -|        -|       -|    -|
|Memory               |        -|     -|        -|       -|    -|
|Multiplexer          |        -|     -|        -|     151|    -|
|Register             |        -|     -|      220|       -|    -|
+---------------------+---------+------+---------+--------+-----+
|Total                |        0|     0|      220|     443|    0|
+---------------------+---------+------+---------+--------+-----+
|Available SLR        |     1344|  2976|   871680|  435840|  320|
+---------------------+---------+------+---------+--------+-----+
|Utilization SLR (%)  |        0|     0|       ~0|      ~0|    0|
+---------------------+---------+------+---------+--------+-----+
|Available            |     2688|  5952|  1743360|  871680|  640|
+---------------------+---------+------+---------+--------+-----+
|Utilization (%)      |        0|     0|       ~0|      ~0|    0|
+---------------------+---------+------+---------+--------+-----+

+ Detail: 
    * Instance: 
    N/A

    * DSP: 
    N/A

    * Memory: 
    N/A

    * FIFO: 
    N/A

    * Expression: 
    +-----------------------------------+----------+----+---+----+------------+------------+
    |           Variable Name           | Operation| DSP| FF| LUT| Bitwidth P0| Bitwidth P1|
    +-----------------------------------+----------+----+---+----+------------+------------+
    |add_ln58_fu_1439_p2                |         +|   0|  0|  14|           7|           1|
    |add_ln59_1_fu_1589_p2              |         +|   0|  0|  17|          10|           1|
    |add_ln59_2_fu_1577_p2              |         +|   0|  0|  20|          13|           1|
    |add_ln59_fu_1552_p2                |         +|   0|  0|  71|          64|          64|
    |add_ln60_fu_1635_p2                |         +|   0|  0|  12|           4|           1|
    |empty_69_fu_1459_p2                |         +|   0|  0|  18|          11|          11|
    |empty_70_fu_1490_p2                |         +|   0|  0|  18|          11|          11|
    |empty_71_fu_1522_p2                |         +|   0|  0|  18|          11|           9|
    |tmp1_fu_1480_p2                    |         +|   0|  0|  15|           8|           2|
    |tmp_fu_1429_p2                     |         +|   0|  0|  17|          10|           2|
    |ap_block_pp0_stage0_11001          |       and|   0|  0|   2|           1|           1|
    |ap_block_state12_pp0_stage0_iter1  |       and|   0|  0|   2|           1|           1|
    |icmp_fu_1474_p2                    |      icmp|   0|  0|   8|           2|           1|
    |icmp_ln58_fu_1445_p2               |      icmp|   0|  0|  10|           7|           7|
    |icmp_ln59_fu_1583_p2               |      icmp|   0|  0|  12|          13|          14|
    |icmp_ln60_fu_1595_p2               |      icmp|   0|  0|   9|           4|           5|
    |empty_72_fu_1528_p2                |        or|   0|  0|   2|           1|           1|
    |select_ln59_1_fu_1609_p3           |    select|   0|  0|  10|           1|          10|
    |select_ln59_fu_1601_p3             |    select|   0|  0|   4|           1|           1|
    |ty_fu_1533_p3                      |    select|   0|  0|  11|           1|          11|
    |ap_enable_pp0                      |       xor|   0|  0|   2|           1|           2|
    +-----------------------------------+----------+----+---+----+------------+------------+
    |Total                              |          |   0|  0| 292|         182|         157|
    +-----------------------------------+----------+----+---+----+------------+------------+

    * Multiplexer: 
    +-----------------------------+----+-----------+-----+-----------+
    |             Name            | LUT| Input Size| Bits| Total Bits|
    +-----------------------------+----+-----------+-----+-----------+
    |ap_NS_fsm                    |  65|         13|    1|         13|
    |ap_enable_reg_pp0_iter1      |   9|          2|    1|          2|
    |ap_enable_reg_pp0_iter2      |  14|          3|    1|          3|
    |ap_phi_mux_x_phi_fu_1403_p4  |   9|          2|   10|         20|
    |gmem1_blk_n_AR               |   9|          2|    1|          2|
    |gmem1_blk_n_R                |   9|          2|    1|          2|
    |indvar_flatten_reg_1388      |   9|          2|   13|         26|
    |x_reg_1399                   |   9|          2|   10|         20|
    |y_reg_1376                   |   9|          2|    7|         14|
    |z_reg_1410                   |   9|          2|    4|          8|
    +-----------------------------+----+-----------+-----+-----------+
    |Total                        | 151|         32|   49|        110|
    +-----------------------------+----+-----------+-----+-----------+

    * Register: 
    +----------------------------------+----+----+-----+-----------+
    |               Name               | FF | LUT| Bits| Const Bits|
    +----------------------------------+----+----+-----+-----------+
    |add_ln58_reg_1731                 |   7|   0|    7|          0|
    |ap_CS_fsm                         |  12|   0|   12|          0|
    |ap_enable_reg_pp0_iter0           |   1|   0|    1|          0|
    |ap_enable_reg_pp0_iter1           |   1|   0|    1|          0|
    |ap_enable_reg_pp0_iter2           |   1|   0|    1|          0|
    |empty_69_reg_1739                 |  11|   0|   11|          0|
    |empty_70_reg_1749                 |  11|   0|   11|          0|
    |gmem1_addr_read_reg_1789          |  32|   0|   32|          0|
    |gmem1_addr_reg_1760               |  64|   0|   64|          0|
    |icmp_ln59_reg_1771                |   1|   0|    1|          0|
    |icmp_ln59_reg_1771_pp0_iter1_reg  |   1|   0|    1|          0|
    |icmp_reg_1744                     |   1|   0|    1|          0|
    |indvar_flatten_reg_1388           |  13|   0|   13|          0|
    |row_cast7_reg_1721                |   9|   0|   11|          2|
    |select_ln59_1_reg_1775            |  10|   0|   10|          0|
    |tmp_16_reg_1754                   |   1|   0|    1|          0|
    |tmp_cast_reg_1726                 |  11|   0|   11|          0|
    |trunc_ln59_reg_1780               |   3|   0|    3|          0|
    |trunc_ln63_reg_1857               |   3|   0|    3|          0|
    |x_reg_1399                        |  10|   0|   10|          0|
    |y_reg_1376                        |   7|   0|    7|          0|
    |z_reg_1410                        |   4|   0|    4|          0|
    |zext_ln63_1_mid2_v_reg_1784       |   6|   0|    6|          0|
    +----------------------------------+----+----+-----+-----------+
    |Total                             | 220|   0|  222|          2|
    +----------------------------------+----+----+-----+-----------+



================================================================
== Interface
================================================================
* Summary: 
+----------------------+-----+-----+------------+--------------+--------------+
|       RTL Ports      | Dir | Bits|  Protocol  | Source Object|    C Type    |
+----------------------+-----+-----+------------+--------------+--------------+
|ap_clk                |   in|    1|  ap_ctrl_hs|          load|  return value|
|ap_rst                |   in|    1|  ap_ctrl_hs|          load|  return value|
|ap_start              |   in|    1|  ap_ctrl_hs|          load|  return value|
|ap_done               |  out|    1|  ap_ctrl_hs|          load|  return value|
|ap_idle               |  out|    1|  ap_ctrl_hs|          load|  return value|
|ap_ready              |  out|    1|  ap_ctrl_hs|          load|  return value|
|m_axi_gmem1_AWVALID   |  out|    1|       m_axi|         gmem1|       pointer|
|m_axi_gmem1_AWREADY   |   in|    1|       m_axi|         gmem1|       pointer|
|m_axi_gmem1_AWADDR    |  out|   64|       m_axi|         gmem1|       pointer|
|m_axi_gmem1_AWID      |  out|    1|       m_axi|         gmem1|       pointer|
|m_axi_gmem1_AWLEN     |  out|   32|       m_axi|         gmem1|       pointer|
|m_axi_gmem1_AWSIZE    |  out|    3|       m_axi|         gmem1|       pointer|
|m_axi_gmem1_AWBURST   |  out|    2|       m_axi|         gmem1|       pointer|
|m_axi_gmem1_AWLOCK    |  out|    2|       m_axi|         gmem1|       pointer|
|m_axi_gmem1_AWCACHE   |  out|    4|       m_axi|         gmem1|       pointer|
|m_axi_gmem1_AWPROT    |  out|    3|       m_axi|         gmem1|       pointer|
|m_axi_gmem1_AWQOS     |  out|    4|       m_axi|         gmem1|       pointer|
|m_axi_gmem1_AWREGION  |  out|    4|       m_axi|         gmem1|       pointer|
|m_axi_gmem1_AWUSER    |  out|    1|       m_axi|         gmem1|       pointer|
|m_axi_gmem1_WVALID    |  out|    1|       m_axi|         gmem1|       pointer|
|m_axi_gmem1_WREADY    |   in|    1|       m_axi|         gmem1|       pointer|
|m_axi_gmem1_WDATA     |  out|   32|       m_axi|         gmem1|       pointer|
|m_axi_gmem1_WSTRB     |  out|    4|       m_axi|         gmem1|       pointer|
|m_axi_gmem1_WLAST     |  out|    1|       m_axi|         gmem1|       pointer|
|m_axi_gmem1_WID       |  out|    1|       m_axi|         gmem1|       pointer|
|m_axi_gmem1_WUSER     |  out|    1|       m_axi|         gmem1|       pointer|
|m_axi_gmem1_ARVALID   |  out|    1|       m_axi|         gmem1|       pointer|
|m_axi_gmem1_ARREADY   |   in|    1|       m_axi|         gmem1|       pointer|
|m_axi_gmem1_ARADDR    |  out|   64|       m_axi|         gmem1|       pointer|
|m_axi_gmem1_ARID      |  out|    1|       m_axi|         gmem1|       pointer|
|m_axi_gmem1_ARLEN     |  out|   32|       m_axi|         gmem1|       pointer|
|m_axi_gmem1_ARSIZE    |  out|    3|       m_axi|         gmem1|       pointer|
|m_axi_gmem1_ARBURST   |  out|    2|       m_axi|         gmem1|       pointer|
|m_axi_gmem1_ARLOCK    |  out|    2|       m_axi|         gmem1|       pointer|
|m_axi_gmem1_ARCACHE   |  out|    4|       m_axi|         gmem1|       pointer|
|m_axi_gmem1_ARPROT    |  out|    3|       m_axi|         gmem1|       pointer|
|m_axi_gmem1_ARQOS     |  out|    4|       m_axi|         gmem1|       pointer|
|m_axi_gmem1_ARREGION  |  out|    4|       m_axi|         gmem1|       pointer|
|m_axi_gmem1_ARUSER    |  out|    1|       m_axi|         gmem1|       pointer|
|m_axi_gmem1_RVALID    |   in|    1|       m_axi|         gmem1|       pointer|
|m_axi_gmem1_RREADY    |  out|    1|       m_axi|         gmem1|       pointer|
|m_axi_gmem1_RDATA     |   in|   32|       m_axi|         gmem1|       pointer|
|m_axi_gmem1_RLAST     |   in|    1|       m_axi|         gmem1|       pointer|
|m_axi_gmem1_RID       |   in|    1|       m_axi|         gmem1|       pointer|
|m_axi_gmem1_RUSER     |   in|    1|       m_axi|         gmem1|       pointer|
|m_axi_gmem1_RRESP     |   in|    2|       m_axi|         gmem1|       pointer|
|m_axi_gmem1_BVALID    |   in|    1|       m_axi|         gmem1|       pointer|
|m_axi_gmem1_BREADY    |  out|    1|       m_axi|         gmem1|       pointer|
|m_axi_gmem1_BRESP     |   in|    2|       m_axi|         gmem1|       pointer|
|m_axi_gmem1_BID       |   in|    1|       m_axi|         gmem1|       pointer|
|m_axi_gmem1_BUSER     |   in|    1|       m_axi|         gmem1|       pointer|
|dst_address1          |  out|   13|   ap_memory|           dst|         array|
|dst_ce1               |  out|    1|   ap_memory|           dst|         array|
|dst_we1               |  out|    1|   ap_memory|           dst|         array|
|dst_d1                |  out|   32|   ap_memory|           dst|         array|
|dst1_address1         |  out|   13|   ap_memory|          dst1|         array|
|dst1_ce1              |  out|    1|   ap_memory|          dst1|         array|
|dst1_we1              |  out|    1|   ap_memory|          dst1|         array|
|dst1_d1               |  out|   32|   ap_memory|          dst1|         array|
|dst2_address1         |  out|   13|   ap_memory|          dst2|         array|
|dst2_ce1              |  out|    1|   ap_memory|          dst2|         array|
|dst2_we1              |  out|    1|   ap_memory|          dst2|         array|
|dst2_d1               |  out|   32|   ap_memory|          dst2|         array|
|dst3_address1         |  out|   13|   ap_memory|          dst3|         array|
|dst3_ce1              |  out|    1|   ap_memory|          dst3|         array|
|dst3_we1              |  out|    1|   ap_memory|          dst3|         array|
|dst3_d1               |  out|   32|   ap_memory|          dst3|         array|
|dst4_address1         |  out|   13|   ap_memory|          dst4|         array|
|dst4_ce1              |  out|    1|   ap_memory|          dst4|         array|
|dst4_we1              |  out|    1|   ap_memory|          dst4|         array|
|dst4_d1               |  out|   32|   ap_memory|          dst4|         array|
|dst5_address1         |  out|   13|   ap_memory|          dst5|         array|
|dst5_ce1              |  out|    1|   ap_memory|          dst5|         array|
|dst5_we1              |  out|    1|   ap_memory|          dst5|         array|
|dst5_d1               |  out|   32|   ap_memory|          dst5|         array|
|dst6_address1         |  out|   13|   ap_memory|          dst6|         array|
|dst6_ce1              |  out|    1|   ap_memory|          dst6|         array|
|dst6_we1              |  out|    1|   ap_memory|          dst6|         array|
|dst6_d1               |  out|   32|   ap_memory|          dst6|         array|
|dst7_address1         |  out|   13|   ap_memory|          dst7|         array|
|dst7_ce1              |  out|    1|   ap_memory|          dst7|         array|
|dst7_we1              |  out|    1|   ap_memory|          dst7|         array|
|dst7_d1               |  out|   32|   ap_memory|          dst7|         array|
|dst18_address1        |  out|   13|   ap_memory|         dst18|         array|
|dst18_ce1             |  out|    1|   ap_memory|         dst18|         array|
|dst18_we1             |  out|    1|   ap_memory|         dst18|         array|
|dst18_d1              |  out|   32|   ap_memory|         dst18|         array|
|dst19_address1        |  out|   13|   ap_memory|         dst19|         array|
|dst19_ce1             |  out|    1|   ap_memory|         dst19|         array|
|dst19_we1             |  out|    1|   ap_memory|         dst19|         array|
|dst19_d1              |  out|   32|   ap_memory|         dst19|         array|
|dst110_address1       |  out|   13|   ap_memory|        dst110|         array|
|dst110_ce1            |  out|    1|   ap_memory|        dst110|         array|
|dst110_we1            |  out|    1|   ap_memory|        dst110|         array|
|dst110_d1             |  out|   32|   ap_memory|        dst110|         array|
|dst111_address1       |  out|   13|   ap_memory|        dst111|         array|
|dst111_ce1            |  out|    1|   ap_memory|        dst111|         array|
|dst111_we1            |  out|    1|   ap_memory|        dst111|         array|
|dst111_d1             |  out|   32|   ap_memory|        dst111|         array|
|dst112_address1       |  out|   13|   ap_memory|        dst112|         array|
|dst112_ce1            |  out|    1|   ap_memory|        dst112|         array|
|dst112_we1            |  out|    1|   ap_memory|        dst112|         array|
|dst112_d1             |  out|   32|   ap_memory|        dst112|         array|
|dst113_address1       |  out|   13|   ap_memory|        dst113|         array|
|dst113_ce1            |  out|    1|   ap_memory|        dst113|         array|
|dst113_we1            |  out|    1|   ap_memory|        dst113|         array|
|dst113_d1             |  out|   32|   ap_memory|        dst113|         array|
|dst114_address1       |  out|   13|   ap_memory|        dst114|         array|
|dst114_ce1            |  out|    1|   ap_memory|        dst114|         array|
|dst114_we1            |  out|    1|   ap_memory|        dst114|         array|
|dst114_d1             |  out|   32|   ap_memory|        dst114|         array|
|dst115_address1       |  out|   13|   ap_memory|        dst115|         array|
|dst115_ce1            |  out|    1|   ap_memory|        dst115|         array|
|dst115_we1            |  out|    1|   ap_memory|        dst115|         array|
|dst115_d1             |  out|   32|   ap_memory|        dst115|         array|
|dst216_address1       |  out|   13|   ap_memory|        dst216|         array|
|dst216_ce1            |  out|    1|   ap_memory|        dst216|         array|
|dst216_we1            |  out|    1|   ap_memory|        dst216|         array|
|dst216_d1             |  out|   32|   ap_memory|        dst216|         array|
|dst217_address1       |  out|   13|   ap_memory|        dst217|         array|
|dst217_ce1            |  out|    1|   ap_memory|        dst217|         array|
|dst217_we1            |  out|    1|   ap_memory|        dst217|         array|
|dst217_d1             |  out|   32|   ap_memory|        dst217|         array|
|dst218_address1       |  out|   13|   ap_memory|        dst218|         array|
|dst218_ce1            |  out|    1|   ap_memory|        dst218|         array|
|dst218_we1            |  out|    1|   ap_memory|        dst218|         array|
|dst218_d1             |  out|   32|   ap_memory|        dst218|         array|
|dst219_address1       |  out|   13|   ap_memory|        dst219|         array|
|dst219_ce1            |  out|    1|   ap_memory|        dst219|         array|
|dst219_we1            |  out|    1|   ap_memory|        dst219|         array|
|dst219_d1             |  out|   32|   ap_memory|        dst219|         array|
|dst220_address1       |  out|   13|   ap_memory|        dst220|         array|
|dst220_ce1            |  out|    1|   ap_memory|        dst220|         array|
|dst220_we1            |  out|    1|   ap_memory|        dst220|         array|
|dst220_d1             |  out|   32|   ap_memory|        dst220|         array|
|dst221_address1       |  out|   13|   ap_memory|        dst221|         array|
|dst221_ce1            |  out|    1|   ap_memory|        dst221|         array|
|dst221_we1            |  out|    1|   ap_memory|        dst221|         array|
|dst221_d1             |  out|   32|   ap_memory|        dst221|         array|
|dst222_address1       |  out|   13|   ap_memory|        dst222|         array|
|dst222_ce1            |  out|    1|   ap_memory|        dst222|         array|
|dst222_we1            |  out|    1|   ap_memory|        dst222|         array|
|dst222_d1             |  out|   32|   ap_memory|        dst222|         array|
|dst223_address1       |  out|   13|   ap_memory|        dst223|         array|
|dst223_ce1            |  out|    1|   ap_memory|        dst223|         array|
|dst223_we1            |  out|    1|   ap_memory|        dst223|         array|
|dst223_d1             |  out|   32|   ap_memory|        dst223|         array|
|dst324_address1       |  out|   13|   ap_memory|        dst324|         array|
|dst324_ce1            |  out|    1|   ap_memory|        dst324|         array|
|dst324_we1            |  out|    1|   ap_memory|        dst324|         array|
|dst324_d1             |  out|   32|   ap_memory|        dst324|         array|
|dst325_address1       |  out|   13|   ap_memory|        dst325|         array|
|dst325_ce1            |  out|    1|   ap_memory|        dst325|         array|
|dst325_we1            |  out|    1|   ap_memory|        dst325|         array|
|dst325_d1             |  out|   32|   ap_memory|        dst325|         array|
|dst326_address1       |  out|   13|   ap_memory|        dst326|         array|
|dst326_ce1            |  out|    1|   ap_memory|        dst326|         array|
|dst326_we1            |  out|    1|   ap_memory|        dst326|         array|
|dst326_d1             |  out|   32|   ap_memory|        dst326|         array|
|dst327_address1       |  out|   13|   ap_memory|        dst327|         array|
|dst327_ce1            |  out|    1|   ap_memory|        dst327|         array|
|dst327_we1            |  out|    1|   ap_memory|        dst327|         array|
|dst327_d1             |  out|   32|   ap_memory|        dst327|         array|
|dst328_address1       |  out|   13|   ap_memory|        dst328|         array|
|dst328_ce1            |  out|    1|   ap_memory|        dst328|         array|
|dst328_we1            |  out|    1|   ap_memory|        dst328|         array|
|dst328_d1             |  out|   32|   ap_memory|        dst328|         array|
|dst329_address1       |  out|   13|   ap_memory|        dst329|         array|
|dst329_ce1            |  out|    1|   ap_memory|        dst329|         array|
|dst329_we1            |  out|    1|   ap_memory|        dst329|         array|
|dst329_d1             |  out|   32|   ap_memory|        dst329|         array|
|dst330_address1       |  out|   13|   ap_memory|        dst330|         array|
|dst330_ce1            |  out|    1|   ap_memory|        dst330|         array|
|dst330_we1            |  out|    1|   ap_memory|        dst330|         array|
|dst330_d1             |  out|   32|   ap_memory|        dst330|         array|
|dst331_address1       |  out|   13|   ap_memory|        dst331|         array|
|dst331_ce1            |  out|    1|   ap_memory|        dst331|         array|
|dst331_we1            |  out|    1|   ap_memory|        dst331|         array|
|dst331_d1             |  out|   32|   ap_memory|        dst331|         array|
|dst432_address1       |  out|   13|   ap_memory|        dst432|         array|
|dst432_ce1            |  out|    1|   ap_memory|        dst432|         array|
|dst432_we1            |  out|    1|   ap_memory|        dst432|         array|
|dst432_d1             |  out|   32|   ap_memory|        dst432|         array|
|dst433_address1       |  out|   13|   ap_memory|        dst433|         array|
|dst433_ce1            |  out|    1|   ap_memory|        dst433|         array|
|dst433_we1            |  out|    1|   ap_memory|        dst433|         array|
|dst433_d1             |  out|   32|   ap_memory|        dst433|         array|
|dst434_address1       |  out|   13|   ap_memory|        dst434|         array|
|dst434_ce1            |  out|    1|   ap_memory|        dst434|         array|
|dst434_we1            |  out|    1|   ap_memory|        dst434|         array|
|dst434_d1             |  out|   32|   ap_memory|        dst434|         array|
|dst435_address1       |  out|   13|   ap_memory|        dst435|         array|
|dst435_ce1            |  out|    1|   ap_memory|        dst435|         array|
|dst435_we1            |  out|    1|   ap_memory|        dst435|         array|
|dst435_d1             |  out|   32|   ap_memory|        dst435|         array|
|dst436_address1       |  out|   13|   ap_memory|        dst436|         array|
|dst436_ce1            |  out|    1|   ap_memory|        dst436|         array|
|dst436_we1            |  out|    1|   ap_memory|        dst436|         array|
|dst436_d1             |  out|   32|   ap_memory|        dst436|         array|
|dst437_address1       |  out|   13|   ap_memory|        dst437|         array|
|dst437_ce1            |  out|    1|   ap_memory|        dst437|         array|
|dst437_we1            |  out|    1|   ap_memory|        dst437|         array|
|dst437_d1             |  out|   32|   ap_memory|        dst437|         array|
|dst438_address1       |  out|   13|   ap_memory|        dst438|         array|
|dst438_ce1            |  out|    1|   ap_memory|        dst438|         array|
|dst438_we1            |  out|    1|   ap_memory|        dst438|         array|
|dst438_d1             |  out|   32|   ap_memory|        dst438|         array|
|dst439_address1       |  out|   13|   ap_memory|        dst439|         array|
|dst439_ce1            |  out|    1|   ap_memory|        dst439|         array|
|dst439_we1            |  out|    1|   ap_memory|        dst439|         array|
|dst439_d1             |  out|   32|   ap_memory|        dst439|         array|
|dst540_address1       |  out|   13|   ap_memory|        dst540|         array|
|dst540_ce1            |  out|    1|   ap_memory|        dst540|         array|
|dst540_we1            |  out|    1|   ap_memory|        dst540|         array|
|dst540_d1             |  out|   32|   ap_memory|        dst540|         array|
|dst541_address1       |  out|   13|   ap_memory|        dst541|         array|
|dst541_ce1            |  out|    1|   ap_memory|        dst541|         array|
|dst541_we1            |  out|    1|   ap_memory|        dst541|         array|
|dst541_d1             |  out|   32|   ap_memory|        dst541|         array|
|dst542_address1       |  out|   13|   ap_memory|        dst542|         array|
|dst542_ce1            |  out|    1|   ap_memory|        dst542|         array|
|dst542_we1            |  out|    1|   ap_memory|        dst542|         array|
|dst542_d1             |  out|   32|   ap_memory|        dst542|         array|
|dst543_address1       |  out|   13|   ap_memory|        dst543|         array|
|dst543_ce1            |  out|    1|   ap_memory|        dst543|         array|
|dst543_we1            |  out|    1|   ap_memory|        dst543|         array|
|dst543_d1             |  out|   32|   ap_memory|        dst543|         array|
|dst544_address1       |  out|   13|   ap_memory|        dst544|         array|
|dst544_ce1            |  out|    1|   ap_memory|        dst544|         array|
|dst544_we1            |  out|    1|   ap_memory|        dst544|         array|
|dst544_d1             |  out|   32|   ap_memory|        dst544|         array|
|dst545_address1       |  out|   13|   ap_memory|        dst545|         array|
|dst545_ce1            |  out|    1|   ap_memory|        dst545|         array|
|dst545_we1            |  out|    1|   ap_memory|        dst545|         array|
|dst545_d1             |  out|   32|   ap_memory|        dst545|         array|
|dst546_address1       |  out|   13|   ap_memory|        dst546|         array|
|dst546_ce1            |  out|    1|   ap_memory|        dst546|         array|
|dst546_we1            |  out|    1|   ap_memory|        dst546|         array|
|dst546_d1             |  out|   32|   ap_memory|        dst546|         array|
|dst547_address1       |  out|   13|   ap_memory|        dst547|         array|
|dst547_ce1            |  out|    1|   ap_memory|        dst547|         array|
|dst547_we1            |  out|    1|   ap_memory|        dst547|         array|
|dst547_d1             |  out|   32|   ap_memory|        dst547|         array|
|dst648_address1       |  out|   13|   ap_memory|        dst648|         array|
|dst648_ce1            |  out|    1|   ap_memory|        dst648|         array|
|dst648_we1            |  out|    1|   ap_memory|        dst648|         array|
|dst648_d1             |  out|   32|   ap_memory|        dst648|         array|
|dst649_address1       |  out|   13|   ap_memory|        dst649|         array|
|dst649_ce1            |  out|    1|   ap_memory|        dst649|         array|
|dst649_we1            |  out|    1|   ap_memory|        dst649|         array|
|dst649_d1             |  out|   32|   ap_memory|        dst649|         array|
|dst650_address1       |  out|   13|   ap_memory|        dst650|         array|
|dst650_ce1            |  out|    1|   ap_memory|        dst650|         array|
|dst650_we1            |  out|    1|   ap_memory|        dst650|         array|
|dst650_d1             |  out|   32|   ap_memory|        dst650|         array|
|dst651_address1       |  out|   13|   ap_memory|        dst651|         array|
|dst651_ce1            |  out|    1|   ap_memory|        dst651|         array|
|dst651_we1            |  out|    1|   ap_memory|        dst651|         array|
|dst651_d1             |  out|   32|   ap_memory|        dst651|         array|
|dst652_address1       |  out|   13|   ap_memory|        dst652|         array|
|dst652_ce1            |  out|    1|   ap_memory|        dst652|         array|
|dst652_we1            |  out|    1|   ap_memory|        dst652|         array|
|dst652_d1             |  out|   32|   ap_memory|        dst652|         array|
|dst653_address1       |  out|   13|   ap_memory|        dst653|         array|
|dst653_ce1            |  out|    1|   ap_memory|        dst653|         array|
|dst653_we1            |  out|    1|   ap_memory|        dst653|         array|
|dst653_d1             |  out|   32|   ap_memory|        dst653|         array|
|dst654_address1       |  out|   13|   ap_memory|        dst654|         array|
|dst654_ce1            |  out|    1|   ap_memory|        dst654|         array|
|dst654_we1            |  out|    1|   ap_memory|        dst654|         array|
|dst654_d1             |  out|   32|   ap_memory|        dst654|         array|
|dst655_address1       |  out|   13|   ap_memory|        dst655|         array|
|dst655_ce1            |  out|    1|   ap_memory|        dst655|         array|
|dst655_we1            |  out|    1|   ap_memory|        dst655|         array|
|dst655_d1             |  out|   32|   ap_memory|        dst655|         array|
|dst756_address1       |  out|   13|   ap_memory|        dst756|         array|
|dst756_ce1            |  out|    1|   ap_memory|        dst756|         array|
|dst756_we1            |  out|    1|   ap_memory|        dst756|         array|
|dst756_d1             |  out|   32|   ap_memory|        dst756|         array|
|dst757_address1       |  out|   13|   ap_memory|        dst757|         array|
|dst757_ce1            |  out|    1|   ap_memory|        dst757|         array|
|dst757_we1            |  out|    1|   ap_memory|        dst757|         array|
|dst757_d1             |  out|   32|   ap_memory|        dst757|         array|
|dst758_address1       |  out|   13|   ap_memory|        dst758|         array|
|dst758_ce1            |  out|    1|   ap_memory|        dst758|         array|
|dst758_we1            |  out|    1|   ap_memory|        dst758|         array|
|dst758_d1             |  out|   32|   ap_memory|        dst758|         array|
|dst759_address1       |  out|   13|   ap_memory|        dst759|         array|
|dst759_ce1            |  out|    1|   ap_memory|        dst759|         array|
|dst759_we1            |  out|    1|   ap_memory|        dst759|         array|
|dst759_d1             |  out|   32|   ap_memory|        dst759|         array|
|dst760_address1       |  out|   13|   ap_memory|        dst760|         array|
|dst760_ce1            |  out|    1|   ap_memory|        dst760|         array|
|dst760_we1            |  out|    1|   ap_memory|        dst760|         array|
|dst760_d1             |  out|   32|   ap_memory|        dst760|         array|
|dst761_address1       |  out|   13|   ap_memory|        dst761|         array|
|dst761_ce1            |  out|    1|   ap_memory|        dst761|         array|
|dst761_we1            |  out|    1|   ap_memory|        dst761|         array|
|dst761_d1             |  out|   32|   ap_memory|        dst761|         array|
|dst762_address1       |  out|   13|   ap_memory|        dst762|         array|
|dst762_ce1            |  out|    1|   ap_memory|        dst762|         array|
|dst762_we1            |  out|    1|   ap_memory|        dst762|         array|
|dst762_d1             |  out|   32|   ap_memory|        dst762|         array|
|dst763_address1       |  out|   13|   ap_memory|        dst763|         array|
|dst763_ce1            |  out|    1|   ap_memory|        dst763|         array|
|dst763_we1            |  out|    1|   ap_memory|        dst763|         array|
|dst763_d1             |  out|   32|   ap_memory|        dst763|         array|
|src                   |   in|   64|     ap_none|           src|        scalar|
|row                   |   in|    9|     ap_none|           row|        scalar|
+----------------------+-----+-----+------------+--------------+--------------+

