

================================================================
== Vitis HLS Report for 'store'
================================================================
* Date:           Mon Nov 28 16:21:19 2022

* Version:        2020.2.2 (Build 3118627 on Tue Feb  9 05:13:49 MST 2021)
* Project:        hotspot3D.prj
* Solution:       solution1 (Vivado IP Flow Target)
* Product family: virtexuplus
* Target device:  xcu50-fsvh2104-2-e


================================================================
== Performance Estimates
================================================================
+ Timing: 
    * Summary: 
    +--------+---------+----------+------------+
    |  Clock |  Target | Estimated| Uncertainty|
    +--------+---------+----------+------------+
    |ap_clk  |  3.33 ns|  2.431 ns|     0.90 ns|
    +--------+---------+----------+------------+

+ Latency: 
    * Summary: 
    +---------+---------+----------+----------+--------+--------+---------+
    |  Latency (cycles) |  Latency (absolute) |     Interval    | Pipeline|
    |   min   |   max   |    min   |    max   |   min  |   max  |   Type  |
    +---------+---------+----------+----------+--------+--------+---------+
    |   262153|   262153|  0.873 ms|  0.873 ms|  262153|  262153|     none|
    +---------+---------+----------+----------+--------+--------+---------+

    + Detail: 
        * Instance: 
        N/A

        * Loop: 
        +---------------------------------------------------+---------+---------+----------+-----------+-----------+--------+----------+
        |                                                   |  Latency (cycles) | Iteration|  Initiation Interval  |  Trip  |          |
        |                     Loop Name                     |   min   |   max   |  Latency |  achieved |   target  |  Count | Pipelined|
        +---------------------------------------------------+---------+---------+----------+-----------+-----------+--------+----------+
        |- VITIS_LOOP_71_1_VITIS_LOOP_72_2_VITIS_LOOP_73_3  |   262146|   262146|         4|          1|          1|  262144|       yes|
        +---------------------------------------------------+---------+---------+----------+-----------+-----------+--------+----------+



================================================================
== Utilization Estimates
================================================================
* Summary: 
+---------------------+---------+------+---------+--------+-----+
|         Name        | BRAM_18K|  DSP |    FF   |   LUT  | URAM|
+---------------------+---------+------+---------+--------+-----+
|DSP                  |        -|     -|        -|       -|    -|
|Expression           |        -|     -|        0|     285|    -|
|FIFO                 |        -|     -|        -|       -|    -|
|Instance             |        -|     -|        0|     673|    -|
|Memory               |        -|     -|        -|       -|    -|
|Multiplexer          |        -|     -|        -|     148|    -|
|Register             |        -|     -|      259|      32|    -|
+---------------------+---------+------+---------+--------+-----+
|Total                |        0|     0|      259|    1138|    0|
+---------------------+---------+------+---------+--------+-----+
|Available SLR        |     1344|  2976|   871680|  435840|  320|
+---------------------+---------+------+---------+--------+-----+
|Utilization SLR (%)  |        0|     0|       ~0|      ~0|    0|
+---------------------+---------+------+---------+--------+-----+
|Available            |     2688|  5952|  1743360|  871680|  640|
+---------------------+---------+------+---------+--------+-----+
|Utilization (%)      |        0|     0|       ~0|      ~0|    0|
+---------------------+---------+------+---------+--------+-----+

+ Detail: 
    * Instance: 
    +----------------------+-----------------+---------+----+---+-----+-----+
    |       Instance       |      Module     | BRAM_18K| DSP| FF| LUT | URAM|
    +----------------------+-----------------+---------+----+---+-----+-----+
    |mux_1288_32_1_1_U591  |mux_1288_32_1_1  |        0|   0|  0|  673|    0|
    +----------------------+-----------------+---------+----+---+-----+-----+
    |Total                 |                 |        0|   0|  0|  673|    0|
    +----------------------+-----------------+---------+----+---+-----+-----+

    * DSP: 
    N/A

    * Memory: 
    N/A

    * FIFO: 
    N/A

    * Expression: 
    +---------------------------+----------+----+---+----+------------+------------+
    |       Variable Name       | Operation| DSP| FF| LUT| Bitwidth P0| Bitwidth P1|
    +---------------------------+----------+----+---+----+------------+------------+
    |add_ln71_1_fu_2193_p2      |         +|   0|  0|  14|           7|           1|
    |add_ln71_2_fu_2155_p2      |         +|   0|  0|  26|          19|           1|
    |add_ln71_fu_2129_p2        |         +|   0|  0|  71|          64|          64|
    |add_ln72_1_fu_2347_p2      |         +|   0|  0|  21|          14|           1|
    |add_ln72_fu_2267_p2        |         +|   0|  0|  17|          10|           1|
    |add_ln73_fu_2341_p2        |         +|   0|  0|  12|           4|           1|
    |and_ln71_fu_2253_p2        |       and|   0|  0|   2|           1|           1|
    |ap_block_pp0_stage0_11001  |       and|   0|  0|   2|           1|           1|
    |ap_block_state6_io         |       and|   0|  0|   2|           1|           1|
    |icmp_ln71_fu_2187_p2       |      icmp|   0|  0|  14|          19|          20|
    |icmp_ln72_fu_2199_p2       |      icmp|   0|  0|  12|          14|          13|
    |icmp_ln73_fu_2247_p2       |      icmp|   0|  0|   9|           4|           5|
    |or_ln72_fu_2273_p2         |        or|   0|  0|   2|           1|           1|
    |select_ln71_1_fu_2225_p3   |    select|   0|  0|   4|           1|           1|
    |select_ln71_2_fu_2233_p3   |    select|   0|  0|  11|           1|          11|
    |select_ln71_3_fu_2259_p3   |    select|   0|  0|   7|           1|           7|
    |select_ln71_fu_2205_p3     |    select|   0|  0|  10|           1|           1|
    |select_ln72_1_fu_2291_p3   |    select|   0|  0|   4|           1|           4|
    |select_ln72_2_fu_2321_p3   |    select|   0|  0|  11|           1|          11|
    |select_ln72_3_fu_2329_p3   |    select|   0|  0|  10|           1|          10|
    |select_ln72_4_fu_2353_p3   |    select|   0|  0|  14|           1|           1|
    |select_ln72_fu_2279_p3     |    select|   0|  0|   4|           1|           1|
    |ap_enable_pp0              |       xor|   0|  0|   2|           1|           2|
    |ap_enable_reg_pp0_iter1    |       xor|   0|  0|   2|           2|           1|
    |xor_ln71_fu_2241_p2        |       xor|   0|  0|   2|           1|           2|
    +---------------------------+----------+----+---+----+------------+------------+
    |Total                      |          |   0|  0| 285|         172|         163|
    +---------------------------+----------+----+---+----+------------+------------+

    * Multiplexer: 
    +-----------------------------+----+-----------+-----+-----------+
    |             Name            | LUT| Input Size| Bits| Total Bits|
    +-----------------------------+----+-----------+-----+-----------+
    |ap_NS_fsm                    |  49|          9|    1|          9|
    |ap_enable_reg_pp0_iter1      |   9|          2|    1|          2|
    |ap_enable_reg_pp0_iter3      |   9|          2|    1|          2|
    |ap_phi_mux_y_phi_fu_2077_p4  |   9|          2|    7|         14|
    |gmem2_blk_n_AW               |   9|          2|    1|          2|
    |gmem2_blk_n_B                |   9|          2|    1|          2|
    |gmem2_blk_n_W                |   9|          2|    1|          2|
    |indvar_flatten659_reg_2062   |   9|          2|   19|         38|
    |indvar_flatten_reg_2084      |   9|          2|   14|         28|
    |x_reg_2095                   |   9|          2|   10|         20|
    |y_reg_2073                   |   9|          2|    7|         14|
    |z_reg_2106                   |   9|          2|    4|          8|
    +-----------------------------+----+-----------+-----+-----------+
    |Total                        | 148|         31|   67|        141|
    +-----------------------------+----+-----------+-----+-----------+

    * Register: 
    +--------------------------------------+----+----+-----+-----------+
    |                 Name                 | FF | LUT| Bits| Const Bits|
    +--------------------------------------+----+----+-----+-----------+
    |ap_CS_fsm                             |   8|   0|    8|          0|
    |ap_enable_reg_pp0_iter0               |   1|   0|    1|          0|
    |ap_enable_reg_pp0_iter1               |   1|   0|    1|          0|
    |ap_enable_reg_pp0_iter2               |   1|   0|    1|          0|
    |ap_enable_reg_pp0_iter3               |   1|   0|    1|          0|
    |gmem2_addr_reg_2768                   |  64|   0|   64|          0|
    |icmp_ln71_reg_2779                    |   1|   0|    1|          0|
    |indvar_flatten659_reg_2062            |  19|   0|   19|          0|
    |indvar_flatten_reg_2084               |  14|   0|   14|          0|
    |select_ln71_3_reg_2783                |   7|   0|    7|          0|
    |select_ln72_1_reg_2788                |   4|   0|    4|          0|
    |select_ln72_1_reg_2788_pp0_iter1_reg  |   4|   0|    4|          0|
    |select_ln72_2_reg_2793                |  11|   0|   11|          0|
    |tmp_reg_3458                          |  32|   0|   32|          0|
    |trunc_ln74_5_reg_2803                 |   3|   0|    3|          0|
    |trunc_ln74_5_reg_2803_pp0_iter1_reg   |   3|   0|    3|          0|
    |x_reg_2095                            |  10|   0|   10|          0|
    |y_reg_2073                            |   7|   0|    7|          0|
    |z_reg_2106                            |   4|   0|    4|          0|
    |icmp_ln71_reg_2779                    |  64|  32|    1|          0|
    +--------------------------------------+----+----+-----+-----------+
    |Total                                 | 259|  32|  196|          0|
    +--------------------------------------+----+----+-----+-----------+



================================================================
== Interface
================================================================
* Summary: 
+----------------------+-----+-----+------------+--------------+--------------+
|       RTL Ports      | Dir | Bits|  Protocol  | Source Object|    C Type    |
+----------------------+-----+-----+------------+--------------+--------------+
|ap_clk                |   in|    1|  ap_ctrl_hs|         store|  return value|
|ap_rst                |   in|    1|  ap_ctrl_hs|         store|  return value|
|ap_start              |   in|    1|  ap_ctrl_hs|         store|  return value|
|ap_done               |  out|    1|  ap_ctrl_hs|         store|  return value|
|ap_idle               |  out|    1|  ap_ctrl_hs|         store|  return value|
|ap_ready              |  out|    1|  ap_ctrl_hs|         store|  return value|
|m_axi_gmem2_AWVALID   |  out|    1|       m_axi|         gmem2|       pointer|
|m_axi_gmem2_AWREADY   |   in|    1|       m_axi|         gmem2|       pointer|
|m_axi_gmem2_AWADDR    |  out|   64|       m_axi|         gmem2|       pointer|
|m_axi_gmem2_AWID      |  out|    1|       m_axi|         gmem2|       pointer|
|m_axi_gmem2_AWLEN     |  out|   32|       m_axi|         gmem2|       pointer|
|m_axi_gmem2_AWSIZE    |  out|    3|       m_axi|         gmem2|       pointer|
|m_axi_gmem2_AWBURST   |  out|    2|       m_axi|         gmem2|       pointer|
|m_axi_gmem2_AWLOCK    |  out|    2|       m_axi|         gmem2|       pointer|
|m_axi_gmem2_AWCACHE   |  out|    4|       m_axi|         gmem2|       pointer|
|m_axi_gmem2_AWPROT    |  out|    3|       m_axi|         gmem2|       pointer|
|m_axi_gmem2_AWQOS     |  out|    4|       m_axi|         gmem2|       pointer|
|m_axi_gmem2_AWREGION  |  out|    4|       m_axi|         gmem2|       pointer|
|m_axi_gmem2_AWUSER    |  out|    1|       m_axi|         gmem2|       pointer|
|m_axi_gmem2_WVALID    |  out|    1|       m_axi|         gmem2|       pointer|
|m_axi_gmem2_WREADY    |   in|    1|       m_axi|         gmem2|       pointer|
|m_axi_gmem2_WDATA     |  out|   32|       m_axi|         gmem2|       pointer|
|m_axi_gmem2_WSTRB     |  out|    4|       m_axi|         gmem2|       pointer|
|m_axi_gmem2_WLAST     |  out|    1|       m_axi|         gmem2|       pointer|
|m_axi_gmem2_WID       |  out|    1|       m_axi|         gmem2|       pointer|
|m_axi_gmem2_WUSER     |  out|    1|       m_axi|         gmem2|       pointer|
|m_axi_gmem2_ARVALID   |  out|    1|       m_axi|         gmem2|       pointer|
|m_axi_gmem2_ARREADY   |   in|    1|       m_axi|         gmem2|       pointer|
|m_axi_gmem2_ARADDR    |  out|   64|       m_axi|         gmem2|       pointer|
|m_axi_gmem2_ARID      |  out|    1|       m_axi|         gmem2|       pointer|
|m_axi_gmem2_ARLEN     |  out|   32|       m_axi|         gmem2|       pointer|
|m_axi_gmem2_ARSIZE    |  out|    3|       m_axi|         gmem2|       pointer|
|m_axi_gmem2_ARBURST   |  out|    2|       m_axi|         gmem2|       pointer|
|m_axi_gmem2_ARLOCK    |  out|    2|       m_axi|         gmem2|       pointer|
|m_axi_gmem2_ARCACHE   |  out|    4|       m_axi|         gmem2|       pointer|
|m_axi_gmem2_ARPROT    |  out|    3|       m_axi|         gmem2|       pointer|
|m_axi_gmem2_ARQOS     |  out|    4|       m_axi|         gmem2|       pointer|
|m_axi_gmem2_ARREGION  |  out|    4|       m_axi|         gmem2|       pointer|
|m_axi_gmem2_ARUSER    |  out|    1|       m_axi|         gmem2|       pointer|
|m_axi_gmem2_RVALID    |   in|    1|       m_axi|         gmem2|       pointer|
|m_axi_gmem2_RREADY    |  out|    1|       m_axi|         gmem2|       pointer|
|m_axi_gmem2_RDATA     |   in|   32|       m_axi|         gmem2|       pointer|
|m_axi_gmem2_RLAST     |   in|    1|       m_axi|         gmem2|       pointer|
|m_axi_gmem2_RID       |   in|    1|       m_axi|         gmem2|       pointer|
|m_axi_gmem2_RUSER     |   in|    1|       m_axi|         gmem2|       pointer|
|m_axi_gmem2_RRESP     |   in|    2|       m_axi|         gmem2|       pointer|
|m_axi_gmem2_BVALID    |   in|    1|       m_axi|         gmem2|       pointer|
|m_axi_gmem2_BREADY    |  out|    1|       m_axi|         gmem2|       pointer|
|m_axi_gmem2_BRESP     |   in|    2|       m_axi|         gmem2|       pointer|
|m_axi_gmem2_BID       |   in|    1|       m_axi|         gmem2|       pointer|
|m_axi_gmem2_BUSER     |   in|    1|       m_axi|         gmem2|       pointer|
|dst                   |   in|   64|     ap_none|           dst|        scalar|
|src_0_0_address0      |  out|   11|   ap_memory|       src_0_0|         array|
|src_0_0_ce0           |  out|    1|   ap_memory|       src_0_0|         array|
|src_0_0_q0            |   in|   32|   ap_memory|       src_0_0|         array|
|src_0_1_address0      |  out|   11|   ap_memory|       src_0_1|         array|
|src_0_1_ce0           |  out|    1|   ap_memory|       src_0_1|         array|
|src_0_1_q0            |   in|   32|   ap_memory|       src_0_1|         array|
|src_0_2_address0      |  out|   11|   ap_memory|       src_0_2|         array|
|src_0_2_ce0           |  out|    1|   ap_memory|       src_0_2|         array|
|src_0_2_q0            |   in|   32|   ap_memory|       src_0_2|         array|
|src_0_3_address0      |  out|   11|   ap_memory|       src_0_3|         array|
|src_0_3_ce0           |  out|    1|   ap_memory|       src_0_3|         array|
|src_0_3_q0            |   in|   32|   ap_memory|       src_0_3|         array|
|src_0_4_address0      |  out|   11|   ap_memory|       src_0_4|         array|
|src_0_4_ce0           |  out|    1|   ap_memory|       src_0_4|         array|
|src_0_4_q0            |   in|   32|   ap_memory|       src_0_4|         array|
|src_0_5_address0      |  out|   11|   ap_memory|       src_0_5|         array|
|src_0_5_ce0           |  out|    1|   ap_memory|       src_0_5|         array|
|src_0_5_q0            |   in|   32|   ap_memory|       src_0_5|         array|
|src_0_6_address0      |  out|   11|   ap_memory|       src_0_6|         array|
|src_0_6_ce0           |  out|    1|   ap_memory|       src_0_6|         array|
|src_0_6_q0            |   in|   32|   ap_memory|       src_0_6|         array|
|src_0_7_address0      |  out|   11|   ap_memory|       src_0_7|         array|
|src_0_7_ce0           |  out|    1|   ap_memory|       src_0_7|         array|
|src_0_7_q0            |   in|   32|   ap_memory|       src_0_7|         array|
|src_1_0_address0      |  out|   11|   ap_memory|       src_1_0|         array|
|src_1_0_ce0           |  out|    1|   ap_memory|       src_1_0|         array|
|src_1_0_q0            |   in|   32|   ap_memory|       src_1_0|         array|
|src_1_1_address0      |  out|   11|   ap_memory|       src_1_1|         array|
|src_1_1_ce0           |  out|    1|   ap_memory|       src_1_1|         array|
|src_1_1_q0            |   in|   32|   ap_memory|       src_1_1|         array|
|src_1_2_address0      |  out|   11|   ap_memory|       src_1_2|         array|
|src_1_2_ce0           |  out|    1|   ap_memory|       src_1_2|         array|
|src_1_2_q0            |   in|   32|   ap_memory|       src_1_2|         array|
|src_1_3_address0      |  out|   11|   ap_memory|       src_1_3|         array|
|src_1_3_ce0           |  out|    1|   ap_memory|       src_1_3|         array|
|src_1_3_q0            |   in|   32|   ap_memory|       src_1_3|         array|
|src_1_4_address0      |  out|   11|   ap_memory|       src_1_4|         array|
|src_1_4_ce0           |  out|    1|   ap_memory|       src_1_4|         array|
|src_1_4_q0            |   in|   32|   ap_memory|       src_1_4|         array|
|src_1_5_address0      |  out|   11|   ap_memory|       src_1_5|         array|
|src_1_5_ce0           |  out|    1|   ap_memory|       src_1_5|         array|
|src_1_5_q0            |   in|   32|   ap_memory|       src_1_5|         array|
|src_1_6_address0      |  out|   11|   ap_memory|       src_1_6|         array|
|src_1_6_ce0           |  out|    1|   ap_memory|       src_1_6|         array|
|src_1_6_q0            |   in|   32|   ap_memory|       src_1_6|         array|
|src_1_7_address0      |  out|   11|   ap_memory|       src_1_7|         array|
|src_1_7_ce0           |  out|    1|   ap_memory|       src_1_7|         array|
|src_1_7_q0            |   in|   32|   ap_memory|       src_1_7|         array|
|src_2_0_address0      |  out|   11|   ap_memory|       src_2_0|         array|
|src_2_0_ce0           |  out|    1|   ap_memory|       src_2_0|         array|
|src_2_0_q0            |   in|   32|   ap_memory|       src_2_0|         array|
|src_2_1_address0      |  out|   11|   ap_memory|       src_2_1|         array|
|src_2_1_ce0           |  out|    1|   ap_memory|       src_2_1|         array|
|src_2_1_q0            |   in|   32|   ap_memory|       src_2_1|         array|
|src_2_2_address0      |  out|   11|   ap_memory|       src_2_2|         array|
|src_2_2_ce0           |  out|    1|   ap_memory|       src_2_2|         array|
|src_2_2_q0            |   in|   32|   ap_memory|       src_2_2|         array|
|src_2_3_address0      |  out|   11|   ap_memory|       src_2_3|         array|
|src_2_3_ce0           |  out|    1|   ap_memory|       src_2_3|         array|
|src_2_3_q0            |   in|   32|   ap_memory|       src_2_3|         array|
|src_2_4_address0      |  out|   11|   ap_memory|       src_2_4|         array|
|src_2_4_ce0           |  out|    1|   ap_memory|       src_2_4|         array|
|src_2_4_q0            |   in|   32|   ap_memory|       src_2_4|         array|
|src_2_5_address0      |  out|   11|   ap_memory|       src_2_5|         array|
|src_2_5_ce0           |  out|    1|   ap_memory|       src_2_5|         array|
|src_2_5_q0            |   in|   32|   ap_memory|       src_2_5|         array|
|src_2_6_address0      |  out|   11|   ap_memory|       src_2_6|         array|
|src_2_6_ce0           |  out|    1|   ap_memory|       src_2_6|         array|
|src_2_6_q0            |   in|   32|   ap_memory|       src_2_6|         array|
|src_2_7_address0      |  out|   11|   ap_memory|       src_2_7|         array|
|src_2_7_ce0           |  out|    1|   ap_memory|       src_2_7|         array|
|src_2_7_q0            |   in|   32|   ap_memory|       src_2_7|         array|
|src_3_0_address0      |  out|   11|   ap_memory|       src_3_0|         array|
|src_3_0_ce0           |  out|    1|   ap_memory|       src_3_0|         array|
|src_3_0_q0            |   in|   32|   ap_memory|       src_3_0|         array|
|src_3_1_address0      |  out|   11|   ap_memory|       src_3_1|         array|
|src_3_1_ce0           |  out|    1|   ap_memory|       src_3_1|         array|
|src_3_1_q0            |   in|   32|   ap_memory|       src_3_1|         array|
|src_3_2_address0      |  out|   11|   ap_memory|       src_3_2|         array|
|src_3_2_ce0           |  out|    1|   ap_memory|       src_3_2|         array|
|src_3_2_q0            |   in|   32|   ap_memory|       src_3_2|         array|
|src_3_3_address0      |  out|   11|   ap_memory|       src_3_3|         array|
|src_3_3_ce0           |  out|    1|   ap_memory|       src_3_3|         array|
|src_3_3_q0            |   in|   32|   ap_memory|       src_3_3|         array|
|src_3_4_address0      |  out|   11|   ap_memory|       src_3_4|         array|
|src_3_4_ce0           |  out|    1|   ap_memory|       src_3_4|         array|
|src_3_4_q0            |   in|   32|   ap_memory|       src_3_4|         array|
|src_3_5_address0      |  out|   11|   ap_memory|       src_3_5|         array|
|src_3_5_ce0           |  out|    1|   ap_memory|       src_3_5|         array|
|src_3_5_q0            |   in|   32|   ap_memory|       src_3_5|         array|
|src_3_6_address0      |  out|   11|   ap_memory|       src_3_6|         array|
|src_3_6_ce0           |  out|    1|   ap_memory|       src_3_6|         array|
|src_3_6_q0            |   in|   32|   ap_memory|       src_3_6|         array|
|src_3_7_address0      |  out|   11|   ap_memory|       src_3_7|         array|
|src_3_7_ce0           |  out|    1|   ap_memory|       src_3_7|         array|
|src_3_7_q0            |   in|   32|   ap_memory|       src_3_7|         array|
|src_4_0_address0      |  out|   11|   ap_memory|       src_4_0|         array|
|src_4_0_ce0           |  out|    1|   ap_memory|       src_4_0|         array|
|src_4_0_q0            |   in|   32|   ap_memory|       src_4_0|         array|
|src_4_1_address0      |  out|   11|   ap_memory|       src_4_1|         array|
|src_4_1_ce0           |  out|    1|   ap_memory|       src_4_1|         array|
|src_4_1_q0            |   in|   32|   ap_memory|       src_4_1|         array|
|src_4_2_address0      |  out|   11|   ap_memory|       src_4_2|         array|
|src_4_2_ce0           |  out|    1|   ap_memory|       src_4_2|         array|
|src_4_2_q0            |   in|   32|   ap_memory|       src_4_2|         array|
|src_4_3_address0      |  out|   11|   ap_memory|       src_4_3|         array|
|src_4_3_ce0           |  out|    1|   ap_memory|       src_4_3|         array|
|src_4_3_q0            |   in|   32|   ap_memory|       src_4_3|         array|
|src_4_4_address0      |  out|   11|   ap_memory|       src_4_4|         array|
|src_4_4_ce0           |  out|    1|   ap_memory|       src_4_4|         array|
|src_4_4_q0            |   in|   32|   ap_memory|       src_4_4|         array|
|src_4_5_address0      |  out|   11|   ap_memory|       src_4_5|         array|
|src_4_5_ce0           |  out|    1|   ap_memory|       src_4_5|         array|
|src_4_5_q0            |   in|   32|   ap_memory|       src_4_5|         array|
|src_4_6_address0      |  out|   11|   ap_memory|       src_4_6|         array|
|src_4_6_ce0           |  out|    1|   ap_memory|       src_4_6|         array|
|src_4_6_q0            |   in|   32|   ap_memory|       src_4_6|         array|
|src_4_7_address0      |  out|   11|   ap_memory|       src_4_7|         array|
|src_4_7_ce0           |  out|    1|   ap_memory|       src_4_7|         array|
|src_4_7_q0            |   in|   32|   ap_memory|       src_4_7|         array|
|src_5_0_address0      |  out|   11|   ap_memory|       src_5_0|         array|
|src_5_0_ce0           |  out|    1|   ap_memory|       src_5_0|         array|
|src_5_0_q0            |   in|   32|   ap_memory|       src_5_0|         array|
|src_5_1_address0      |  out|   11|   ap_memory|       src_5_1|         array|
|src_5_1_ce0           |  out|    1|   ap_memory|       src_5_1|         array|
|src_5_1_q0            |   in|   32|   ap_memory|       src_5_1|         array|
|src_5_2_address0      |  out|   11|   ap_memory|       src_5_2|         array|
|src_5_2_ce0           |  out|    1|   ap_memory|       src_5_2|         array|
|src_5_2_q0            |   in|   32|   ap_memory|       src_5_2|         array|
|src_5_3_address0      |  out|   11|   ap_memory|       src_5_3|         array|
|src_5_3_ce0           |  out|    1|   ap_memory|       src_5_3|         array|
|src_5_3_q0            |   in|   32|   ap_memory|       src_5_3|         array|
|src_5_4_address0      |  out|   11|   ap_memory|       src_5_4|         array|
|src_5_4_ce0           |  out|    1|   ap_memory|       src_5_4|         array|
|src_5_4_q0            |   in|   32|   ap_memory|       src_5_4|         array|
|src_5_5_address0      |  out|   11|   ap_memory|       src_5_5|         array|
|src_5_5_ce0           |  out|    1|   ap_memory|       src_5_5|         array|
|src_5_5_q0            |   in|   32|   ap_memory|       src_5_5|         array|
|src_5_6_address0      |  out|   11|   ap_memory|       src_5_6|         array|
|src_5_6_ce0           |  out|    1|   ap_memory|       src_5_6|         array|
|src_5_6_q0            |   in|   32|   ap_memory|       src_5_6|         array|
|src_5_7_address0      |  out|   11|   ap_memory|       src_5_7|         array|
|src_5_7_ce0           |  out|    1|   ap_memory|       src_5_7|         array|
|src_5_7_q0            |   in|   32|   ap_memory|       src_5_7|         array|
|src_6_0_address0      |  out|   11|   ap_memory|       src_6_0|         array|
|src_6_0_ce0           |  out|    1|   ap_memory|       src_6_0|         array|
|src_6_0_q0            |   in|   32|   ap_memory|       src_6_0|         array|
|src_6_1_address0      |  out|   11|   ap_memory|       src_6_1|         array|
|src_6_1_ce0           |  out|    1|   ap_memory|       src_6_1|         array|
|src_6_1_q0            |   in|   32|   ap_memory|       src_6_1|         array|
|src_6_2_address0      |  out|   11|   ap_memory|       src_6_2|         array|
|src_6_2_ce0           |  out|    1|   ap_memory|       src_6_2|         array|
|src_6_2_q0            |   in|   32|   ap_memory|       src_6_2|         array|
|src_6_3_address0      |  out|   11|   ap_memory|       src_6_3|         array|
|src_6_3_ce0           |  out|    1|   ap_memory|       src_6_3|         array|
|src_6_3_q0            |   in|   32|   ap_memory|       src_6_3|         array|
|src_6_4_address0      |  out|   11|   ap_memory|       src_6_4|         array|
|src_6_4_ce0           |  out|    1|   ap_memory|       src_6_4|         array|
|src_6_4_q0            |   in|   32|   ap_memory|       src_6_4|         array|
|src_6_5_address0      |  out|   11|   ap_memory|       src_6_5|         array|
|src_6_5_ce0           |  out|    1|   ap_memory|       src_6_5|         array|
|src_6_5_q0            |   in|   32|   ap_memory|       src_6_5|         array|
|src_6_6_address0      |  out|   11|   ap_memory|       src_6_6|         array|
|src_6_6_ce0           |  out|    1|   ap_memory|       src_6_6|         array|
|src_6_6_q0            |   in|   32|   ap_memory|       src_6_6|         array|
|src_6_7_address0      |  out|   11|   ap_memory|       src_6_7|         array|
|src_6_7_ce0           |  out|    1|   ap_memory|       src_6_7|         array|
|src_6_7_q0            |   in|   32|   ap_memory|       src_6_7|         array|
|src_7_0_address0      |  out|   11|   ap_memory|       src_7_0|         array|
|src_7_0_ce0           |  out|    1|   ap_memory|       src_7_0|         array|
|src_7_0_q0            |   in|   32|   ap_memory|       src_7_0|         array|
|src_7_1_address0      |  out|   11|   ap_memory|       src_7_1|         array|
|src_7_1_ce0           |  out|    1|   ap_memory|       src_7_1|         array|
|src_7_1_q0            |   in|   32|   ap_memory|       src_7_1|         array|
|src_7_2_address0      |  out|   11|   ap_memory|       src_7_2|         array|
|src_7_2_ce0           |  out|    1|   ap_memory|       src_7_2|         array|
|src_7_2_q0            |   in|   32|   ap_memory|       src_7_2|         array|
|src_7_3_address0      |  out|   11|   ap_memory|       src_7_3|         array|
|src_7_3_ce0           |  out|    1|   ap_memory|       src_7_3|         array|
|src_7_3_q0            |   in|   32|   ap_memory|       src_7_3|         array|
|src_7_4_address0      |  out|   11|   ap_memory|       src_7_4|         array|
|src_7_4_ce0           |  out|    1|   ap_memory|       src_7_4|         array|
|src_7_4_q0            |   in|   32|   ap_memory|       src_7_4|         array|
|src_7_5_address0      |  out|   11|   ap_memory|       src_7_5|         array|
|src_7_5_ce0           |  out|    1|   ap_memory|       src_7_5|         array|
|src_7_5_q0            |   in|   32|   ap_memory|       src_7_5|         array|
|src_7_6_address0      |  out|   11|   ap_memory|       src_7_6|         array|
|src_7_6_ce0           |  out|    1|   ap_memory|       src_7_6|         array|
|src_7_6_q0            |   in|   32|   ap_memory|       src_7_6|         array|
|src_7_7_address0      |  out|   11|   ap_memory|       src_7_7|         array|
|src_7_7_ce0           |  out|    1|   ap_memory|       src_7_7|         array|
|src_7_7_q0            |   in|   32|   ap_memory|       src_7_7|         array|
|src_8_0_address0      |  out|   11|   ap_memory|       src_8_0|         array|
|src_8_0_ce0           |  out|    1|   ap_memory|       src_8_0|         array|
|src_8_0_q0            |   in|   32|   ap_memory|       src_8_0|         array|
|src_8_1_address0      |  out|   11|   ap_memory|       src_8_1|         array|
|src_8_1_ce0           |  out|    1|   ap_memory|       src_8_1|         array|
|src_8_1_q0            |   in|   32|   ap_memory|       src_8_1|         array|
|src_8_2_address0      |  out|   11|   ap_memory|       src_8_2|         array|
|src_8_2_ce0           |  out|    1|   ap_memory|       src_8_2|         array|
|src_8_2_q0            |   in|   32|   ap_memory|       src_8_2|         array|
|src_8_3_address0      |  out|   11|   ap_memory|       src_8_3|         array|
|src_8_3_ce0           |  out|    1|   ap_memory|       src_8_3|         array|
|src_8_3_q0            |   in|   32|   ap_memory|       src_8_3|         array|
|src_8_4_address0      |  out|   11|   ap_memory|       src_8_4|         array|
|src_8_4_ce0           |  out|    1|   ap_memory|       src_8_4|         array|
|src_8_4_q0            |   in|   32|   ap_memory|       src_8_4|         array|
|src_8_5_address0      |  out|   11|   ap_memory|       src_8_5|         array|
|src_8_5_ce0           |  out|    1|   ap_memory|       src_8_5|         array|
|src_8_5_q0            |   in|   32|   ap_memory|       src_8_5|         array|
|src_8_6_address0      |  out|   11|   ap_memory|       src_8_6|         array|
|src_8_6_ce0           |  out|    1|   ap_memory|       src_8_6|         array|
|src_8_6_q0            |   in|   32|   ap_memory|       src_8_6|         array|
|src_8_7_address0      |  out|   11|   ap_memory|       src_8_7|         array|
|src_8_7_ce0           |  out|    1|   ap_memory|       src_8_7|         array|
|src_8_7_q0            |   in|   32|   ap_memory|       src_8_7|         array|
|src_9_0_address0      |  out|   11|   ap_memory|       src_9_0|         array|
|src_9_0_ce0           |  out|    1|   ap_memory|       src_9_0|         array|
|src_9_0_q0            |   in|   32|   ap_memory|       src_9_0|         array|
|src_9_1_address0      |  out|   11|   ap_memory|       src_9_1|         array|
|src_9_1_ce0           |  out|    1|   ap_memory|       src_9_1|         array|
|src_9_1_q0            |   in|   32|   ap_memory|       src_9_1|         array|
|src_9_2_address0      |  out|   11|   ap_memory|       src_9_2|         array|
|src_9_2_ce0           |  out|    1|   ap_memory|       src_9_2|         array|
|src_9_2_q0            |   in|   32|   ap_memory|       src_9_2|         array|
|src_9_3_address0      |  out|   11|   ap_memory|       src_9_3|         array|
|src_9_3_ce0           |  out|    1|   ap_memory|       src_9_3|         array|
|src_9_3_q0            |   in|   32|   ap_memory|       src_9_3|         array|
|src_9_4_address0      |  out|   11|   ap_memory|       src_9_4|         array|
|src_9_4_ce0           |  out|    1|   ap_memory|       src_9_4|         array|
|src_9_4_q0            |   in|   32|   ap_memory|       src_9_4|         array|
|src_9_5_address0      |  out|   11|   ap_memory|       src_9_5|         array|
|src_9_5_ce0           |  out|    1|   ap_memory|       src_9_5|         array|
|src_9_5_q0            |   in|   32|   ap_memory|       src_9_5|         array|
|src_9_6_address0      |  out|   11|   ap_memory|       src_9_6|         array|
|src_9_6_ce0           |  out|    1|   ap_memory|       src_9_6|         array|
|src_9_6_q0            |   in|   32|   ap_memory|       src_9_6|         array|
|src_9_7_address0      |  out|   11|   ap_memory|       src_9_7|         array|
|src_9_7_ce0           |  out|    1|   ap_memory|       src_9_7|         array|
|src_9_7_q0            |   in|   32|   ap_memory|       src_9_7|         array|
|src_10_0_address0     |  out|   11|   ap_memory|      src_10_0|         array|
|src_10_0_ce0          |  out|    1|   ap_memory|      src_10_0|         array|
|src_10_0_q0           |   in|   32|   ap_memory|      src_10_0|         array|
|src_10_1_address0     |  out|   11|   ap_memory|      src_10_1|         array|
|src_10_1_ce0          |  out|    1|   ap_memory|      src_10_1|         array|
|src_10_1_q0           |   in|   32|   ap_memory|      src_10_1|         array|
|src_10_2_address0     |  out|   11|   ap_memory|      src_10_2|         array|
|src_10_2_ce0          |  out|    1|   ap_memory|      src_10_2|         array|
|src_10_2_q0           |   in|   32|   ap_memory|      src_10_2|         array|
|src_10_3_address0     |  out|   11|   ap_memory|      src_10_3|         array|
|src_10_3_ce0          |  out|    1|   ap_memory|      src_10_3|         array|
|src_10_3_q0           |   in|   32|   ap_memory|      src_10_3|         array|
|src_10_4_address0     |  out|   11|   ap_memory|      src_10_4|         array|
|src_10_4_ce0          |  out|    1|   ap_memory|      src_10_4|         array|
|src_10_4_q0           |   in|   32|   ap_memory|      src_10_4|         array|
|src_10_5_address0     |  out|   11|   ap_memory|      src_10_5|         array|
|src_10_5_ce0          |  out|    1|   ap_memory|      src_10_5|         array|
|src_10_5_q0           |   in|   32|   ap_memory|      src_10_5|         array|
|src_10_6_address0     |  out|   11|   ap_memory|      src_10_6|         array|
|src_10_6_ce0          |  out|    1|   ap_memory|      src_10_6|         array|
|src_10_6_q0           |   in|   32|   ap_memory|      src_10_6|         array|
|src_10_7_address0     |  out|   11|   ap_memory|      src_10_7|         array|
|src_10_7_ce0          |  out|    1|   ap_memory|      src_10_7|         array|
|src_10_7_q0           |   in|   32|   ap_memory|      src_10_7|         array|
|src_11_0_address0     |  out|   11|   ap_memory|      src_11_0|         array|
|src_11_0_ce0          |  out|    1|   ap_memory|      src_11_0|         array|
|src_11_0_q0           |   in|   32|   ap_memory|      src_11_0|         array|
|src_11_1_address0     |  out|   11|   ap_memory|      src_11_1|         array|
|src_11_1_ce0          |  out|    1|   ap_memory|      src_11_1|         array|
|src_11_1_q0           |   in|   32|   ap_memory|      src_11_1|         array|
|src_11_2_address0     |  out|   11|   ap_memory|      src_11_2|         array|
|src_11_2_ce0          |  out|    1|   ap_memory|      src_11_2|         array|
|src_11_2_q0           |   in|   32|   ap_memory|      src_11_2|         array|
|src_11_3_address0     |  out|   11|   ap_memory|      src_11_3|         array|
|src_11_3_ce0          |  out|    1|   ap_memory|      src_11_3|         array|
|src_11_3_q0           |   in|   32|   ap_memory|      src_11_3|         array|
|src_11_4_address0     |  out|   11|   ap_memory|      src_11_4|         array|
|src_11_4_ce0          |  out|    1|   ap_memory|      src_11_4|         array|
|src_11_4_q0           |   in|   32|   ap_memory|      src_11_4|         array|
|src_11_5_address0     |  out|   11|   ap_memory|      src_11_5|         array|
|src_11_5_ce0          |  out|    1|   ap_memory|      src_11_5|         array|
|src_11_5_q0           |   in|   32|   ap_memory|      src_11_5|         array|
|src_11_6_address0     |  out|   11|   ap_memory|      src_11_6|         array|
|src_11_6_ce0          |  out|    1|   ap_memory|      src_11_6|         array|
|src_11_6_q0           |   in|   32|   ap_memory|      src_11_6|         array|
|src_11_7_address0     |  out|   11|   ap_memory|      src_11_7|         array|
|src_11_7_ce0          |  out|    1|   ap_memory|      src_11_7|         array|
|src_11_7_q0           |   in|   32|   ap_memory|      src_11_7|         array|
|src_12_0_address0     |  out|   11|   ap_memory|      src_12_0|         array|
|src_12_0_ce0          |  out|    1|   ap_memory|      src_12_0|         array|
|src_12_0_q0           |   in|   32|   ap_memory|      src_12_0|         array|
|src_12_1_address0     |  out|   11|   ap_memory|      src_12_1|         array|
|src_12_1_ce0          |  out|    1|   ap_memory|      src_12_1|         array|
|src_12_1_q0           |   in|   32|   ap_memory|      src_12_1|         array|
|src_12_2_address0     |  out|   11|   ap_memory|      src_12_2|         array|
|src_12_2_ce0          |  out|    1|   ap_memory|      src_12_2|         array|
|src_12_2_q0           |   in|   32|   ap_memory|      src_12_2|         array|
|src_12_3_address0     |  out|   11|   ap_memory|      src_12_3|         array|
|src_12_3_ce0          |  out|    1|   ap_memory|      src_12_3|         array|
|src_12_3_q0           |   in|   32|   ap_memory|      src_12_3|         array|
|src_12_4_address0     |  out|   11|   ap_memory|      src_12_4|         array|
|src_12_4_ce0          |  out|    1|   ap_memory|      src_12_4|         array|
|src_12_4_q0           |   in|   32|   ap_memory|      src_12_4|         array|
|src_12_5_address0     |  out|   11|   ap_memory|      src_12_5|         array|
|src_12_5_ce0          |  out|    1|   ap_memory|      src_12_5|         array|
|src_12_5_q0           |   in|   32|   ap_memory|      src_12_5|         array|
|src_12_6_address0     |  out|   11|   ap_memory|      src_12_6|         array|
|src_12_6_ce0          |  out|    1|   ap_memory|      src_12_6|         array|
|src_12_6_q0           |   in|   32|   ap_memory|      src_12_6|         array|
|src_12_7_address0     |  out|   11|   ap_memory|      src_12_7|         array|
|src_12_7_ce0          |  out|    1|   ap_memory|      src_12_7|         array|
|src_12_7_q0           |   in|   32|   ap_memory|      src_12_7|         array|
|src_13_0_address0     |  out|   11|   ap_memory|      src_13_0|         array|
|src_13_0_ce0          |  out|    1|   ap_memory|      src_13_0|         array|
|src_13_0_q0           |   in|   32|   ap_memory|      src_13_0|         array|
|src_13_1_address0     |  out|   11|   ap_memory|      src_13_1|         array|
|src_13_1_ce0          |  out|    1|   ap_memory|      src_13_1|         array|
|src_13_1_q0           |   in|   32|   ap_memory|      src_13_1|         array|
|src_13_2_address0     |  out|   11|   ap_memory|      src_13_2|         array|
|src_13_2_ce0          |  out|    1|   ap_memory|      src_13_2|         array|
|src_13_2_q0           |   in|   32|   ap_memory|      src_13_2|         array|
|src_13_3_address0     |  out|   11|   ap_memory|      src_13_3|         array|
|src_13_3_ce0          |  out|    1|   ap_memory|      src_13_3|         array|
|src_13_3_q0           |   in|   32|   ap_memory|      src_13_3|         array|
|src_13_4_address0     |  out|   11|   ap_memory|      src_13_4|         array|
|src_13_4_ce0          |  out|    1|   ap_memory|      src_13_4|         array|
|src_13_4_q0           |   in|   32|   ap_memory|      src_13_4|         array|
|src_13_5_address0     |  out|   11|   ap_memory|      src_13_5|         array|
|src_13_5_ce0          |  out|    1|   ap_memory|      src_13_5|         array|
|src_13_5_q0           |   in|   32|   ap_memory|      src_13_5|         array|
|src_13_6_address0     |  out|   11|   ap_memory|      src_13_6|         array|
|src_13_6_ce0          |  out|    1|   ap_memory|      src_13_6|         array|
|src_13_6_q0           |   in|   32|   ap_memory|      src_13_6|         array|
|src_13_7_address0     |  out|   11|   ap_memory|      src_13_7|         array|
|src_13_7_ce0          |  out|    1|   ap_memory|      src_13_7|         array|
|src_13_7_q0           |   in|   32|   ap_memory|      src_13_7|         array|
|src_14_0_address0     |  out|   11|   ap_memory|      src_14_0|         array|
|src_14_0_ce0          |  out|    1|   ap_memory|      src_14_0|         array|
|src_14_0_q0           |   in|   32|   ap_memory|      src_14_0|         array|
|src_14_1_address0     |  out|   11|   ap_memory|      src_14_1|         array|
|src_14_1_ce0          |  out|    1|   ap_memory|      src_14_1|         array|
|src_14_1_q0           |   in|   32|   ap_memory|      src_14_1|         array|
|src_14_2_address0     |  out|   11|   ap_memory|      src_14_2|         array|
|src_14_2_ce0          |  out|    1|   ap_memory|      src_14_2|         array|
|src_14_2_q0           |   in|   32|   ap_memory|      src_14_2|         array|
|src_14_3_address0     |  out|   11|   ap_memory|      src_14_3|         array|
|src_14_3_ce0          |  out|    1|   ap_memory|      src_14_3|         array|
|src_14_3_q0           |   in|   32|   ap_memory|      src_14_3|         array|
|src_14_4_address0     |  out|   11|   ap_memory|      src_14_4|         array|
|src_14_4_ce0          |  out|    1|   ap_memory|      src_14_4|         array|
|src_14_4_q0           |   in|   32|   ap_memory|      src_14_4|         array|
|src_14_5_address0     |  out|   11|   ap_memory|      src_14_5|         array|
|src_14_5_ce0          |  out|    1|   ap_memory|      src_14_5|         array|
|src_14_5_q0           |   in|   32|   ap_memory|      src_14_5|         array|
|src_14_6_address0     |  out|   11|   ap_memory|      src_14_6|         array|
|src_14_6_ce0          |  out|    1|   ap_memory|      src_14_6|         array|
|src_14_6_q0           |   in|   32|   ap_memory|      src_14_6|         array|
|src_14_7_address0     |  out|   11|   ap_memory|      src_14_7|         array|
|src_14_7_ce0          |  out|    1|   ap_memory|      src_14_7|         array|
|src_14_7_q0           |   in|   32|   ap_memory|      src_14_7|         array|
|src_15_0_address0     |  out|   11|   ap_memory|      src_15_0|         array|
|src_15_0_ce0          |  out|    1|   ap_memory|      src_15_0|         array|
|src_15_0_q0           |   in|   32|   ap_memory|      src_15_0|         array|
|src_15_1_address0     |  out|   11|   ap_memory|      src_15_1|         array|
|src_15_1_ce0          |  out|    1|   ap_memory|      src_15_1|         array|
|src_15_1_q0           |   in|   32|   ap_memory|      src_15_1|         array|
|src_15_2_address0     |  out|   11|   ap_memory|      src_15_2|         array|
|src_15_2_ce0          |  out|    1|   ap_memory|      src_15_2|         array|
|src_15_2_q0           |   in|   32|   ap_memory|      src_15_2|         array|
|src_15_3_address0     |  out|   11|   ap_memory|      src_15_3|         array|
|src_15_3_ce0          |  out|    1|   ap_memory|      src_15_3|         array|
|src_15_3_q0           |   in|   32|   ap_memory|      src_15_3|         array|
|src_15_4_address0     |  out|   11|   ap_memory|      src_15_4|         array|
|src_15_4_ce0          |  out|    1|   ap_memory|      src_15_4|         array|
|src_15_4_q0           |   in|   32|   ap_memory|      src_15_4|         array|
|src_15_5_address0     |  out|   11|   ap_memory|      src_15_5|         array|
|src_15_5_ce0          |  out|    1|   ap_memory|      src_15_5|         array|
|src_15_5_q0           |   in|   32|   ap_memory|      src_15_5|         array|
|src_15_6_address0     |  out|   11|   ap_memory|      src_15_6|         array|
|src_15_6_ce0          |  out|    1|   ap_memory|      src_15_6|         array|
|src_15_6_q0           |   in|   32|   ap_memory|      src_15_6|         array|
|src_15_7_address0     |  out|   11|   ap_memory|      src_15_7|         array|
|src_15_7_ce0          |  out|    1|   ap_memory|      src_15_7|         array|
|src_15_7_q0           |   in|   32|   ap_memory|      src_15_7|         array|
|row                   |   in|    9|     ap_none|           row|        scalar|
+----------------------+-----+-----+------------+--------------+--------------+

