

================================================================
== Synthesis Summary Report of 'kernel_3D_hw'
================================================================
+ General Information: 
    * Date:           Mon Nov 28 00:22:40 2022
    * Version:        2020.2.2 (Build 3118627 on Tue Feb  9 05:13:49 MST 2021)
    * Project:        hotspot3D.prj
    * Solution:       solution1 (Vivado IP Flow Target)
    * Product family: virtexuplus
    * Target device:  xcu50-fsvh2104-2-e
    

+ Performance & Resource Estimates: 
    
    PS: '+' for module; 'o' for loop; '*' for dataflow
    +-----------------------------------------------------+--------+-------+--------------+-----------+----------+--------------+--------+----------+---------+----------+------------+------------+-----+
    |                       Modules                       |  Issue |       |   Latency    |  Latency  | Iteration|              |  Trip  |          |         |          |            |            |     |
    |                       & Loops                       |  Type  | Slack |   (cycles)   |    (ns)   |  Latency |   Interval   |  Count | Pipelined|  BRAM   |    DSP   |     FF     |     LUT    | URAM|
    +-----------------------------------------------------+--------+-------+--------------+-----------+----------+--------------+--------+----------+---------+----------+------------+------------+-----+
    |+ kernel_3D_hw                                       |  Timing|   0.18|  126554415061|  4.214e+11|         -|  126554415062|       -|        no|  54 (2%)|  29 (~0%)|  7769 (~0%)|  7774 (~0%)|    -|
    | + grp_compute_fu_219                                |  Timing|   0.18|       1048641|  3.492e+06|         -|       1048641|       -|        no|        -|  10 (~0%)|  2599 (~0%)|  1891 (~0%)|    -|
    |  o VITIS_LOOP_72_1_VITIS_LOOP_73_2_VITIS_LOOP_74_3  |      II|  -2.43|       1048636|  3.492e+06|        65|             4|  262144|       yes|        -|         -|           -|           -|    -|
    | + grp_load_fu_232                                   |       -|  -0.00|        271129|  9.029e+05|         -|        271129|       -|        no|        -|         -|   235 (~0%)|   492 (~0%)|    -|
    |  o VITIS_LOOP_48_1                                  |       -|  -2.43|        271128|  9.029e+05|      4108|             -|      66|        no|        -|         -|           -|           -|    -|
    |   o VITIS_LOOP_49_2_VITIS_LOOP_50_3                 |       -|  -2.43|          4097|  1.364e+04|         3|             1|    4096|       yes|        -|         -|           -|           -|    -|
    | + grp_load_fu_241                                   |       -|  -0.00|        271129|  9.029e+05|         -|        271129|       -|        no|        -|         -|   235 (~0%)|   492 (~0%)|    -|
    |  o VITIS_LOOP_48_1                                  |       -|  -2.43|        271128|  9.029e+05|      4108|             -|      66|        no|        -|         -|           -|           -|    -|
    |   o VITIS_LOOP_49_2_VITIS_LOOP_50_3                 |       -|  -2.43|          4097|  1.364e+04|         3|             1|    4096|       yes|        -|         -|           -|           -|    -|
    | + grp_store_fu_251                                  |       -|  -0.00|        262154|  8.730e+05|         -|        262154|       -|        no|        -|         -|   273 (~0%)|   491 (~0%)|    -|
    |  o VITIS_LOOP_61_1_VITIS_LOOP_62_2_VITIS_LOOP_63_3  |       -|  -2.43|        262147|  8.729e+05|         5|             1|  262144|       yes|        -|         -|           -|           -|    -|
    | o main_i                                            |       -|  -2.43|  126554415000|  4.214e+11|  25310883|             -|    5000|        no|        -|         -|           -|           -|    -|
    |  o main_j0                                          |       -|  -2.43|      12655440|  4.214e+07|   1581930|             -|       8|        no|        -|         -|           -|           -|    -|
    |  o main_j1                                          |       -|  -2.43|      12655440|  4.214e+07|   1581930|             -|       8|        no|        -|         -|           -|           -|    -|
    +-----------------------------------------------------+--------+-------+--------------+-----------+----------+--------------+--------+----------+---------+----------+------------+------------+-----+

