

================================================================
== Synthesis Summary Report of 'kernel_3D_hw'
================================================================
+ General Information: 
    * Date:           Mon Nov 28 00:22:14 2022
    * Version:        2020.2.2 (Build 3118627 on Tue Feb  9 05:13:49 MST 2021)
    * Project:        hotspot3D.prj
    * Solution:       solution1 (Vivado IP Flow Target)
    * Product family: virtexuplus
    * Target device:  xcu50-fsvh2104-2-e
    

+ Performance & Resource Estimates: 
    
    PS: '+' for module; 'o' for loop; '*' for dataflow
    +--------------------------------------------------+------+-------+--------------+-----------+----------+--------------+---------+----------+---------+----------+------------+------------+-----+
    |                      Modules                     | Issue|       |   Latency    |  Latency  | Iteration|              |   Trip  |          |         |          |            |            |     |
    |                      & Loops                     | Type | Slack |   (cycles)   |    (ns)   |  Latency |   Interval   |  Count  | Pipelined|  BRAM   |    DSP   |     FF     |     LUT    | URAM|
    +--------------------------------------------------+------+-------+--------------+-----------+----------+--------------+---------+----------+---------+----------+------------+------------+-----+
    |+ kernel_3D_hw                                    |     -|  -0.00|  146801455061|  4.888e+11|         -|  146801455062|        -|        no|  6 (~0%)|  29 (~0%)|  7265 (~0%)|  6681 (~0%)|    -|
    | + grp_compute_fu_165                             |     -|  -0.00|      14680143|  4.888e+07|         -|      14680143|        -|        no|        -|  10 (~0%)|  2907 (~0%)|  2541 (~0%)|    -|
    |  o VITIS_LOOP_5_1_VITIS_LOOP_6_2_VITIS_LOOP_7_3  |    II|  -2.43|      14680131|  4.888e+07|        75|             7|  2097152|       yes|        -|         -|           -|           -|    -|
    | o VITIS_LOOP_52_1                                |     -|  -2.43|  146801455000|  4.888e+11|  29360291|             -|     5000|        no|        -|         -|           -|           -|    -|
    +--------------------------------------------------+------+-------+--------------+-----------+----------+--------------+---------+----------+---------+----------+------------+------------+-----+

