

================================================================
== Synthesis Summary Report of 'kernel_3D_hw'
================================================================
+ General Information: 
    * Date:           Mon Nov 28 17:58:39 2022
    * Version:        2020.2.2 (Build 3118627 on Tue Feb  9 05:13:49 MST 2021)
    * Project:        hotspot3D.prj
    * Solution:       solution1 (Vivado IP Flow Target)
    * Product family: virtexuplus
    * Target device:  xcu50-fsvh2104-2-e
    

+ Performance & Resource Estimates: 
    
    PS: '+' for module; 'o' for loop; '*' for dataflow
    +-------------------------+------+-------+-----------+-----------+----------+-----------+--------+----------+-----------+------------+--------------+--------------+-----+
    |         Modules         | Issue|       |  Latency  |  Latency  | Iteration|           |  Trip  |          |           |            |              |              |     |
    |         & Loops         | Type | Slack |  (cycles) |    (ns)   |  Latency |  Interval |  Count | Pipelined|   BRAM    |     DSP    |      FF      |      LUT     | URAM|
    +-------------------------+------+-------+-----------+-----------+----------+-----------+--------+----------+-----------+------------+--------------+--------------+-----+
    |+ kernel_3D_hw           |     -|  -0.00|  532180061|  1.772e+09|         -|  532180062|       -|        no|  300 (11%)|  2659 (44%)|  785037 (45%)|  208661 (23%)|    -|
    | + grp_hotspot3D_fu_165  |     -|  -0.00|     133043|  4.430e+05|         -|     133043|       -|        no|   210 (7%)|  2640 (44%)|  777975 (44%)|  201515 (23%)|    -|
    |  o fifo_fill            |     -|  -2.43|        254|    845.820|         2|          1|     254|       yes|          -|           -|             -|             -|    -|
    |  o main_y0_main_x0      |     -|  -2.43|     132529|  4.413e+05|       179|          1|  132352|       yes|          -|           -|             -|             -|    -|
    |  o fifo_flush           |     -|  -2.43|        254|    845.820|         2|          1|     254|       yes|          -|           -|             -|             -|    -|
    | o VITIS_LOOP_25_1       |     -|  -2.43|  532180000|  1.772e+09|    266090|          -|    2000|        no|          -|           -|             -|             -|    -|
    +-------------------------+------+-------+-----------+-----------+----------+-----------+--------+----------+-----------+------------+--------------+--------------+-----+

